// Jest Snapshot v1, https://goo.gl/fbAQLP

exports[`Details page Details page should render 1`] = `
<div>
  <section
    class="details"
  >
    <a
      class="link"
      href="/"
    >
      <img
        src="https://img.icons8.com/flat-round/64/000000/back--v1.png"
      />
    </a>
    <div
      class="country-info"
    >
      <h2>
        Algeria
      </h2>
      <p>
        population: 
        <span>
          45182541
        </span>
      </p>
    </div>
    <div
      class="today-info cont"
    >
      <div
        class="header"
      >
        <h2>
          TODAY
        </h2>
        <span>
          +
        </span>
      </div>
      <p
        class="closed"
      >
        cases today: 
        <span>
          0
        </span>
      </p>
      <p
        class="closed"
      >
        deaths today: 
        <span>
          0
        </span>
      </p>
      <p
        class="closed"
      >
        recovered today: 
        <span>
          0
        </span>
      </p>
    </div>
    <div
      class="total-info cont"
    >
      <div
        class="header"
      >
        <h2>
          TOTAL
        </h2>
        <span>
          +
        </span>
      </div>
      <p
        class="closed"
      >
        total cases: 
        <span>
          265346
        </span>
      </p>
      <p
        class="closed"
      >
        active cases: 
        <span>
          80531
        </span>
      </p>
      <p
        class="closed"
      >
        critical cases: 
        <span>
          13
        </span>
      </p>
      <p
        class="closed"
      >
        deaths: 
        <span>
          6860
        </span>
      </p>
      <p
        class="closed"
      >
        recovered: 
        <span>
          177955
        </span>
      </p>
      <p
        class="closed"
      >
        tests: 
        <span>
          230861
        </span>
      </p>
    </div>
    <div
      class="million-info cont"
    >
      <div
        class="header"
      >
        <h2>
          AVERAGE 
        </h2>
        <span>
          +
        </span>
      </div>
      <p
        class="closed"
      >
        total cases per million: 
        <span>
          5873
        </span>
      </p>
      <p
        class="closed"
      >
        total actives per million: 
        <span>
          1782.35
        </span>
      </p>
      <p
        class="closed"
      >
        critical cases per million:
         
        <span>
          0.29
        </span>
      </p>
      <p
        class="closed"
      >
        total per million: 
        <span>
          152
        </span>
      </p>
      <p
        class="closed"
      >
        recovered per million: 
        <span>
          3938.58
        </span>
      </p>
      <p
        class="closed"
      >
        tests per million: 
        <span>
          5110
        </span>
      </p>
    </div>
  </section>
</div>
`;

exports[`homepage homepage renders 1`] = `
<div>
  <div
    class="countries-container"
  >
    <nav>
      <div
        class="icon"
      >
        <img
          alt="icon"
          src="icon.png"
        />
        <h1>
          covid tracker
        </h1>
      </div>
      <input
        placeholder="filter by country"
        type="text"
      />
      <div />
    </nav>
    <hr />
    <ul>
      <li
        class="list-wraper"
      >
        <a
          href="/details/Afghanistan"
        >
          <div>
            <h2>
              Afghanistan
            </h2>
            <p
              class="active"
            >
              active covid cases: 
              <span>
                9855
              </span>
            </p>
          </div>
        </a>
      </li>
      <li
        class="list-wraper"
      >
        <a
          href="/details/Albania"
        >
          <div>
            <h2>
              Albania
            </h2>
            <p
              class="active"
            >
              active covid cases: 
              <span>
                1153
              </span>
            </p>
          </div>
        </a>
      </li>
      <li
        class="list-wraper"
      >
        <a
          href="/details/Algeria"
        >
          <div>
            <h2>
              Algeria
            </h2>
            <p
              class="active"
            >
              active covid cases: 
              <span>
                80531
              </span>
            </p>
          </div>
        </a>
      </li>
      <li
        class="list-wraper"
      >
        <a
          href="/details/Andorra"
        >
          <div>
            <h2>
              Andorra
            </h2>
            <p
              class="active"
            >
              active covid cases: 
              <span>
                717
              </span>
            </p>
          </div>
        </a>
      </li>
      <li
        class="list-wraper"
      >
        <a
          href="/details/Angola"
        >
          <div>
            <h2>
              Angola
            </h2>
            <p
              class="active"
            >
              active covid cases: 
              <span>
                138
              </span>
            </p>
          </div>
        </a>
      </li>
      <li
        class="list-wraper"
      >
        <a
          href="/details/Anguilla"
        >
          <div>
            <h2>
              Anguilla
            </h2>
            <p
              class="active"
            >
              active covid cases: 
              <span>
                13
              </span>
            </p>
          </div>
        </a>
      </li>
      <li
        class="list-wraper"
      >
        <a
          href="/details/Antigua and Barbuda"
        >
          <div>
            <h2>
              Antigua and Barbuda
            </h2>
            <p
              class="active"
            >
              active covid cases: 
              <span>
                21
              </span>
            </p>
          </div>
        </a>
      </li>
      <li
        class="list-wraper"
      >
        <a
          href="/details/Argentina"
        >
          <div>
            <h2>
              Argentina
            </h2>
            <p
              class="active"
            >
              active covid cases: 
              <span>
                75053
              </span>
            </p>
          </div>
        </a>
      </li>
      <li
        class="list-wraper"
      >
        <a
          href="/details/Armenia"
        >
          <div>
            <h2>
              Armenia
            </h2>
            <p
              class="active"
            >
              active covid cases: 
              <span>
                5568
              </span>
            </p>
          </div>
        </a>
      </li>
      <li
        class="list-wraper"
      >
        <a
          href="/details/Aruba"
        >
          <div>
            <h2>
              Aruba
            </h2>
            <p
              class="active"
            >
              active covid cases: 
              <span>
                58
              </span>
            </p>
          </div>
        </a>
      </li>
      <li
        class="list-wraper"
      >
        <a
          href="/details/Australia"
        >
          <div>
            <h2>
              Australia
            </h2>
            <p
              class="active"
            >
              active covid cases: 
              <span>
                245030
              </span>
            </p>
          </div>
        </a>
      </li>
      <li
        class="list-wraper"
      >
        <a
          href="/details/Austria"
        >
          <div>
            <h2>
              Austria
            </h2>
            <p
              class="active"
            >
              active covid cases: 
              <span>
                335550
              </span>
            </p>
          </div>
        </a>
      </li>
      <li
        class="list-wraper"
      >
        <a
          href="/details/Azerbaijan"
        >
          <div>
            <h2>
              Azerbaijan
            </h2>
            <p
              class="active"
            >
              active covid cases: 
              <span>
                2929
              </span>
            </p>
          </div>
        </a>
      </li>
      <li
        class="list-wraper"
      >
        <a
          href="/details/Bahamas"
        >
          <div>
            <h2>
              Bahamas
            </h2>
            <p
              class="active"
            >
              active covid cases: 
              <span>
                357
              </span>
            </p>
          </div>
        </a>
      </li>
      <li
        class="list-wraper"
      >
        <a
          href="/details/Bahrain"
        >
          <div>
            <h2>
              Bahrain
            </h2>
            <p
              class="active"
            >
              active covid cases: 
              <span>
                16682
              </span>
            </p>
          </div>
        </a>
      </li>
      <li
        class="list-wraper"
      >
        <a
          href="/details/Bangladesh"
        >
          <div>
            <h2>
              Bangladesh
            </h2>
            <p
              class="active"
            >
              active covid cases: 
              <span>
                64449
              </span>
            </p>
          </div>
        </a>
      </li>
      <li
        class="list-wraper"
      >
        <a
          href="/details/Barbados"
        >
          <div>
            <h2>
              Barbados
            </h2>
            <p
              class="active"
            >
              active covid cases: 
              <span>
                1517
              </span>
            </p>
          </div>
        </a>
      </li>
      <li
        class="list-wraper"
      >
        <a
          href="/details/Belarus"
        >
          <div>
            <h2>
              Belarus
            </h2>
            <p
              class="active"
            >
              active covid cases: 
              <span>
                530
              </span>
            </p>
          </div>
        </a>
      </li>
      <li
        class="list-wraper"
      >
        <a
          href="/details/Belgium"
        >
          <div>
            <h2>
              Belgium
            </h2>
            <p
              class="active"
            >
              active covid cases: 
              <span>
                277814
              </span>
            </p>
          </div>
        </a>
      </li>
      <li
        class="list-wraper"
      >
        <a
          href="/details/Belize"
        >
          <div>
            <h2>
              Belize
            </h2>
            <p
              class="active"
            >
              active covid cases: 
              <span>
                666
              </span>
            </p>
          </div>
        </a>
      </li>
      <li
        class="list-wraper"
      >
        <a
          href="/details/Benin"
        >
          <div>
            <h2>
              Benin
            </h2>
            <p
              class="active"
            >
              active covid cases: 
              <span>
                906
              </span>
            </p>
          </div>
        </a>
      </li>
      <li
        class="list-wraper"
      >
        <a
          href="/details/Bermuda"
        >
          <div>
            <h2>
              Bermuda
            </h2>
            <p
              class="active"
            >
              active covid cases: 
              <span>
                180
              </span>
            </p>
          </div>
        </a>
      </li>
      <li
        class="list-wraper"
      >
        <a
          href="/details/Bhutan"
        >
          <div>
            <h2>
              Bhutan
            </h2>
            <p
              class="active"
            >
              active covid cases: 
              <span>
                4083
              </span>
            </p>
          </div>
        </a>
      </li>
      <li
        class="list-wraper"
      >
        <a
          href="/details/Bolivia"
        >
          <div>
            <h2>
              Bolivia
            </h2>
            <p
              class="active"
            >
              active covid cases: 
              <span>
                71524
              </span>
            </p>
          </div>
        </a>
      </li>
      <li
        class="list-wraper"
      >
        <a
          href="/details/Bosnia"
        >
          <div>
            <h2>
              Bosnia
            </h2>
            <p
              class="active"
            >
              active covid cases: 
              <span>
                165134
              </span>
            </p>
          </div>
        </a>
      </li>
      <li
        class="list-wraper"
      >
        <a
          href="/details/Botswana"
        >
          <div>
            <h2>
              Botswana
            </h2>
            <p
              class="active"
            >
              active covid cases: 
              <span>
                1897
              </span>
            </p>
          </div>
        </a>
      </li>
      <li
        class="list-wraper"
      >
        <a
          href="/details/Brazil"
        >
          <div>
            <h2>
              Brazil
            </h2>
            <p
              class="active"
            >
              active covid cases: 
              <span>
                1069668
              </span>
            </p>
          </div>
        </a>
      </li>
      <li
        class="list-wraper"
      >
        <a
          href="/details/British Virgin Islands"
        >
          <div>
            <h2>
              British Virgin Islands
            </h2>
            <p
              class="active"
            >
              active covid cases: 
              <span>
                6029
              </span>
            </p>
          </div>
        </a>
      </li>
      <li
        class="list-wraper"
      >
        <a
          href="/details/Brunei"
        >
          <div>
            <h2>
              Brunei
            </h2>
            <p
              class="active"
            >
              active covid cases: 
              <span>
                39785
              </span>
            </p>
          </div>
        </a>
      </li>
      <li
        class="list-wraper"
      >
        <a
          href="/details/Bulgaria"
        >
          <div>
            <h2>
              Bulgaria
            </h2>
            <p
              class="active"
            >
              active covid cases: 
              <span>
                205680
              </span>
            </p>
          </div>
        </a>
      </li>
      <li
        class="list-wraper"
      >
        <a
          href="/details/Burkina Faso"
        >
          <div>
            <h2>
              Burkina Faso
            </h2>
            <p
              class="active"
            >
              active covid cases: 
              <span>
                67
              </span>
            </p>
          </div>
        </a>
      </li>
      <li
        class="list-wraper"
      >
        <a
          href="/details/Burundi"
        >
          <div>
            <h2>
              Burundi
            </h2>
            <p
              class="active"
            >
              active covid cases: 
              <span>
                37398
              </span>
            </p>
          </div>
        </a>
      </li>
      <li
        class="list-wraper"
      >
        <a
          href="/details/Cabo Verde"
        >
          <div>
            <h2>
              Cabo Verde
            </h2>
            <p
              class="active"
            >
              active covid cases: 
              <span>
                66
              </span>
            </p>
          </div>
        </a>
      </li>
      <li
        class="list-wraper"
      >
        <a
          href="/details/Cambodia"
        >
          <div>
            <h2>
              Cambodia
            </h2>
            <p
              class="active"
            >
              active covid cases: 
              <span>
                2462
              </span>
            </p>
          </div>
        </a>
      </li>
      <li
        class="list-wraper"
      >
        <a
          href="/details/Cameroon"
        >
          <div>
            <h2>
              Cameroon
            </h2>
            <p
              class="active"
            >
              active covid cases: 
              <span>
                133
              </span>
            </p>
          </div>
        </a>
      </li>
      <li
        class="list-wraper"
      >
        <a
          href="/details/Canada"
        >
          <div>
            <h2>
              Canada
            </h2>
            <p
              class="active"
            >
              active covid cases: 
              <span>
                111853
              </span>
            </p>
          </div>
        </a>
      </li>
      <li
        class="list-wraper"
      >
        <a
          href="/details/Caribbean Netherlands"
        >
          <div>
            <h2>
              Caribbean Netherlands
            </h2>
            <p
              class="active"
            >
              active covid cases: 
              <span>
                36
              </span>
            </p>
          </div>
        </a>
      </li>
      <li
        class="list-wraper"
      >
        <a
          href="/details/Cayman Islands"
        >
          <div>
            <h2>
              Cayman Islands
            </h2>
            <p
              class="active"
            >
              active covid cases: 
              <span>
                10803
              </span>
            </p>
          </div>
        </a>
      </li>
      <li
        class="list-wraper"
      >
        <a
          href="/details/Central African Republic"
        >
          <div>
            <h2>
              Central African Republic
            </h2>
            <p
              class="active"
            >
              active covid cases: 
              <span>
                7348
              </span>
            </p>
          </div>
        </a>
      </li>
      <li
        class="list-wraper"
      >
        <a
          href="/details/Chad"
        >
          <div>
            <h2>
              Chad
            </h2>
            <p
              class="active"
            >
              active covid cases: 
              <span>
                2194
              </span>
            </p>
          </div>
        </a>
      </li>
      <li
        class="list-wraper"
      >
        <a
          href="/details/Channel Islands"
        >
          <div>
            <h2>
              Channel Islands
            </h2>
            <p
              class="active"
            >
              active covid cases: 
              <span>
                3703
              </span>
            </p>
          </div>
        </a>
      </li>
      <li
        class="list-wraper"
      >
        <a
          href="/details/Chile"
        >
          <div>
            <h2>
              Chile
            </h2>
            <p
              class="active"
            >
              active covid cases: 
              <span>
                823918
              </span>
            </p>
          </div>
        </a>
      </li>
      <li
        class="list-wraper"
      >
        <a
          href="/details/China"
        >
          <div>
            <h2>
              China
            </h2>
            <p
              class="active"
            >
              active covid cases: 
              <span>
                4610
              </span>
            </p>
          </div>
        </a>
      </li>
      <li
        class="list-wraper"
      >
        <a
          href="/details/Colombia"
        >
          <div>
            <h2>
              Colombia
            </h2>
            <p
              class="active"
            >
              active covid cases: 
              <span>
                30601
              </span>
            </p>
          </div>
        </a>
      </li>
      <li
        class="list-wraper"
      >
        <a
          href="/details/Comoros"
        >
          <div>
            <h2>
              Comoros
            </h2>
            <p
              class="active"
            >
              active covid cases: 
              <span>
                14
              </span>
            </p>
          </div>
        </a>
      </li>
      <li
        class="list-wraper"
      >
        <a
          href="/details/Congo"
        >
          <div>
            <h2>
              Congo
            </h2>
            <p
              class="active"
            >
              active covid cases: 
              <span>
                3485
              </span>
            </p>
          </div>
        </a>
      </li>
      <li
        class="list-wraper"
      >
        <a
          href="/details/Cook Islands"
        >
          <div>
            <h2>
              Cook Islands
            </h2>
            <p
              class="active"
            >
              active covid cases: 
              <span>
                160
              </span>
            </p>
          </div>
        </a>
      </li>
      <li
        class="list-wraper"
      >
        <a
          href="/details/Costa Rica"
        >
          <div>
            <h2>
              Costa Rica
            </h2>
            <p
              class="active"
            >
              active covid cases: 
              <span>
                97354
              </span>
            </p>
          </div>
        </a>
      </li>
      <li
        class="list-wraper"
      >
        <a
          href="/details/Croatia"
        >
          <div>
            <h2>
              Croatia
            </h2>
            <p
              class="active"
            >
              active covid cases: 
              <span>
                10255
              </span>
            </p>
          </div>
        </a>
      </li>
      <li
        class="list-wraper"
      >
        <a
          href="/details/Cuba"
        >
          <div>
            <h2>
              Cuba
            </h2>
            <p
              class="active"
            >
              active covid cases: 
              <span>
                2392
              </span>
            </p>
          </div>
        </a>
      </li>
      <li
        class="list-wraper"
      >
        <a
          href="/details/Curaçao"
        >
          <div>
            <h2>
              Curaçao
            </h2>
            <p
              class="active"
            >
              active covid cases: 
              <span>
                336
              </span>
            </p>
          </div>
        </a>
      </li>
      <li
        class="list-wraper"
      >
        <a
          href="/details/Cyprus"
        >
          <div>
            <h2>
              Cyprus
            </h2>
            <p
              class="active"
            >
              active covid cases: 
              <span>
                216127
              </span>
            </p>
          </div>
        </a>
      </li>
      <li
        class="list-wraper"
      >
        <a
          href="/details/Czechia"
        >
          <div>
            <h2>
              Czechia
            </h2>
            <p
              class="active"
            >
              active covid cases: 
              <span>
                81960
              </span>
            </p>
          </div>
        </a>
      </li>
      <li
        class="list-wraper"
      >
        <a
          href="/details/Côte d'Ivoire"
        >
          <div>
            <h2>
              Côte d'Ivoire
            </h2>
            <p
              class="active"
            >
              active covid cases: 
              <span>
                200
              </span>
            </p>
          </div>
        </a>
      </li>
      <li
        class="list-wraper"
      >
        <a
          href="/details/DRC"
        >
          <div>
            <h2>
              DRC
            </h2>
            <p
              class="active"
            >
              active covid cases: 
              <span>
                34006
              </span>
            </p>
          </div>
        </a>
      </li>
      <li
        class="list-wraper"
      >
        <a
          href="/details/Denmark"
        >
          <div>
            <h2>
              Denmark
            </h2>
            <p
              class="active"
            >
              active covid cases: 
              <span>
                218817
              </span>
            </p>
          </div>
        </a>
      </li>
      <li
        class="list-wraper"
      >
        <a
          href="/details/Diamond Princess"
        >
          <div>
            <h2>
              Diamond Princess
            </h2>
            <p
              class="active"
            >
              active covid cases: 
              <span>
                0
              </span>
            </p>
          </div>
        </a>
      </li>
      <li
        class="list-wraper"
      >
        <a
          href="/details/Djibouti"
        >
          <div>
            <h2>
              Djibouti
            </h2>
            <p
              class="active"
            >
              active covid cases: 
              <span>
                16
              </span>
            </p>
          </div>
        </a>
      </li>
      <li
        class="list-wraper"
      >
        <a
          href="/details/Dominica"
        >
          <div>
            <h2>
              Dominica
            </h2>
            <p
              class="active"
            >
              active covid cases: 
              <span>
                285
              </span>
            </p>
          </div>
        </a>
      </li>
      <li
        class="list-wraper"
      >
        <a
          href="/details/Dominican Republic"
        >
          <div>
            <h2>
              Dominican Republic
            </h2>
            <p
              class="active"
            >
              active covid cases: 
              <span>
                509
              </span>
            </p>
          </div>
        </a>
      </li>
      <li
        class="list-wraper"
      >
        <a
          href="/details/Ecuador"
        >
          <div>
            <h2>
              Ecuador
            </h2>
            <p
              class="active"
            >
              active covid cases: 
              <span>
                808444
              </span>
            </p>
          </div>
        </a>
      </li>
      <li
        class="list-wraper"
      >
        <a
          href="/details/Egypt"
        >
          <div>
            <h2>
              Egypt
            </h2>
            <p
              class="active"
            >
              active covid cases: 
              <span>
                45944
              </span>
            </p>
          </div>
        </a>
      </li>
      <li
        class="list-wraper"
      >
        <a
          href="/details/El Salvador"
        >
          <div>
            <h2>
              El Salvador
            </h2>
            <p
              class="active"
            >
              active covid cases: 
              <span>
                19861
              </span>
            </p>
          </div>
        </a>
      </li>
      <li
        class="list-wraper"
      >
        <a
          href="/details/Equatorial Guinea"
        >
          <div>
            <h2>
              Equatorial Guinea
            </h2>
            <p
              class="active"
            >
              active covid cases: 
              <span>
                41
              </span>
            </p>
          </div>
        </a>
      </li>
      <li
        class="list-wraper"
      >
        <a
          href="/details/Eritrea"
        >
          <div>
            <h2>
              Eritrea
            </h2>
            <p
              class="active"
            >
              active covid cases: 
              <span>
                2
              </span>
            </p>
          </div>
        </a>
      </li>
      <li
        class="list-wraper"
      >
        <a
          href="/details/Estonia"
        >
          <div>
            <h2>
              Estonia
            </h2>
            <p
              class="active"
            >
              active covid cases: 
              <span>
                102384
              </span>
            </p>
          </div>
        </a>
      </li>
      <li
        class="list-wraper"
      >
        <a
          href="/details/Ethiopia"
        >
          <div>
            <h2>
              Ethiopia
            </h2>
            <p
              class="active"
            >
              active covid cases: 
              <span>
                41153
              </span>
            </p>
          </div>
        </a>
      </li>
      <li
        class="list-wraper"
      >
        <a
          href="/details/Falkland Islands (Malvinas)"
        >
          <div>
            <h2>
              Falkland Islands (Malvinas)
            </h2>
            <p
              class="active"
            >
              active covid cases: 
              <span>
                115
              </span>
            </p>
          </div>
        </a>
      </li>
      <li
        class="list-wraper"
      >
        <a
          href="/details/Faroe Islands"
        >
          <div>
            <h2>
              Faroe Islands
            </h2>
            <p
              class="active"
            >
              active covid cases: 
              <span>
                26516
              </span>
            </p>
          </div>
        </a>
      </li>
      <li
        class="list-wraper"
      >
        <a
          href="/details/Fiji"
        >
          <div>
            <h2>
              Fiji
            </h2>
            <p
              class="active"
            >
              active covid cases: 
              <span>
                1018
              </span>
            </p>
          </div>
        </a>
      </li>
      <li
        class="list-wraper"
      >
        <a
          href="/details/Finland"
        >
          <div>
            <h2>
              Finland
            </h2>
            <p
              class="active"
            >
              active covid cases: 
              <span>
                664530
              </span>
            </p>
          </div>
        </a>
      </li>
      <li
        class="list-wraper"
      >
        <a
          href="/details/France"
        >
          <div>
            <h2>
              France
            </h2>
            <p
              class="active"
            >
              active covid cases: 
              <span>
                1165427
              </span>
            </p>
          </div>
        </a>
      </li>
      <li
        class="list-wraper"
      >
        <a
          href="/details/French Guiana"
        >
          <div>
            <h2>
              French Guiana
            </h2>
            <p
              class="active"
            >
              active covid cases: 
              <span>
                66338
              </span>
            </p>
          </div>
        </a>
      </li>
      <li
        class="list-wraper"
      >
        <a
          href="/details/French Polynesia"
        >
          <div>
            <h2>
              French Polynesia
            </h2>
            <p
              class="active"
            >
              active covid cases: 
              <span>
                68943
              </span>
            </p>
          </div>
        </a>
      </li>
      <li
        class="list-wraper"
      >
        <a
          href="/details/Gabon"
        >
          <div>
            <h2>
              Gabon
            </h2>
            <p
              class="active"
            >
              active covid cases: 
              <span>
                49
              </span>
            </p>
          </div>
        </a>
      </li>
      <li
        class="list-wraper"
      >
        <a
          href="/details/Gambia"
        >
          <div>
            <h2>
              Gambia
            </h2>
            <p
              class="active"
            >
              active covid cases: 
              <span>
                15
              </span>
            </p>
          </div>
        </a>
      </li>
      <li
        class="list-wraper"
      >
        <a
          href="/details/Georgia"
        >
          <div>
            <h2>
              Georgia
            </h2>
            <p
              class="active"
            >
              active covid cases: 
              <span>
                37237
              </span>
            </p>
          </div>
        </a>
      </li>
      <li
        class="list-wraper"
      >
        <a
          href="/details/Germany"
        >
          <div>
            <h2>
              Germany
            </h2>
            <p
              class="active"
            >
              active covid cases: 
              <span>
                3247021
              </span>
            </p>
          </div>
        </a>
      </li>
      <li
        class="list-wraper"
      >
        <a
          href="/details/Ghana"
        >
          <div>
            <h2>
              Ghana
            </h2>
            <p
              class="active"
            >
              active covid cases: 
              <span>
                231
              </span>
            </p>
          </div>
        </a>
      </li>
      <li
        class="list-wraper"
      >
        <a
          href="/details/Gibraltar"
        >
          <div>
            <h2>
              Gibraltar
            </h2>
            <p
              class="active"
            >
              active covid cases: 
              <span>
                335
              </span>
            </p>
          </div>
        </a>
      </li>
      <li
        class="list-wraper"
      >
        <a
          href="/details/Greece"
        >
          <div>
            <h2>
              Greece
            </h2>
            <p
              class="active"
            >
              active covid cases: 
              <span>
                191987
              </span>
            </p>
          </div>
        </a>
      </li>
      <li
        class="list-wraper"
      >
        <a
          href="/details/Greenland"
        >
          <div>
            <h2>
              Greenland
            </h2>
            <p
              class="active"
            >
              active covid cases: 
              <span>
                9051
              </span>
            </p>
          </div>
        </a>
      </li>
      <li
        class="list-wraper"
      >
        <a
          href="/details/Grenada"
        >
          <div>
            <h2>
              Grenada
            </h2>
            <p
              class="active"
            >
              active covid cases: 
              <span>
                138
              </span>
            </p>
          </div>
        </a>
      </li>
      <li
        class="list-wraper"
      >
        <a
          href="/details/Guadeloupe"
        >
          <div>
            <h2>
              Guadeloupe
            </h2>
            <p
              class="active"
            >
              active covid cases: 
              <span>
                127612
              </span>
            </p>
          </div>
        </a>
      </li>
      <li
        class="list-wraper"
      >
        <a
          href="/details/Guatemala"
        >
          <div>
            <h2>
              Guatemala
            </h2>
            <p
              class="active"
            >
              active covid cases: 
              <span>
                31455
              </span>
            </p>
          </div>
        </a>
      </li>
      <li
        class="list-wraper"
      >
        <a
          href="/details/Guinea"
        >
          <div>
            <h2>
              Guinea
            </h2>
            <p
              class="active"
            >
              active covid cases: 
              <span>
                2987
              </span>
            </p>
          </div>
        </a>
      </li>
      <li
        class="list-wraper"
      >
        <a
          href="/details/Guinea-Bissau"
        >
          <div>
            <h2>
              Guinea-Bissau
            </h2>
            <p
              class="active"
            >
              active covid cases: 
              <span>
                826
              </span>
            </p>
          </div>
        </a>
      </li>
      <li
        class="list-wraper"
      >
        <a
          href="/details/Guyana"
        >
          <div>
            <h2>
              Guyana
            </h2>
            <p
              class="active"
            >
              active covid cases: 
              <span>
                248
              </span>
            </p>
          </div>
        </a>
      </li>
      <li
        class="list-wraper"
      >
        <a
          href="/details/Haiti"
        >
          <div>
            <h2>
              Haiti
            </h2>
            <p
              class="active"
            >
              active covid cases: 
              <span>
                3874
              </span>
            </p>
          </div>
        </a>
      </li>
      <li
        class="list-wraper"
      >
        <a
          href="/details/Holy See (Vatican City State)"
        >
          <div>
            <h2>
              Holy See (Vatican City State)
            </h2>
            <p
              class="active"
            >
              active covid cases: 
              <span>
                1
              </span>
            </p>
          </div>
        </a>
      </li>
      <li
        class="list-wraper"
      >
        <a
          href="/details/Honduras"
        >
          <div>
            <h2>
              Honduras
            </h2>
            <p
              class="active"
            >
              active covid cases: 
              <span>
                274110
              </span>
            </p>
          </div>
        </a>
      </li>
      <li
        class="list-wraper"
      >
        <a
          href="/details/Hong Kong"
        >
          <div>
            <h2>
              Hong Kong
            </h2>
            <p
              class="active"
            >
              active covid cases: 
              <span>
                535132
              </span>
            </p>
          </div>
        </a>
      </li>
      <li
        class="list-wraper"
      >
        <a
          href="/details/Hungary"
        >
          <div>
            <h2>
              Hungary
            </h2>
            <p
              class="active"
            >
              active covid cases: 
              <span>
                121654
              </span>
            </p>
          </div>
        </a>
      </li>
      <li
        class="list-wraper"
      >
        <a
          href="/details/Iceland"
        >
          <div>
            <h2>
              Iceland
            </h2>
            <p
              class="active"
            >
              active covid cases: 
              <span>
                80115
              </span>
            </p>
          </div>
        </a>
      </li>
      <li
        class="list-wraper"
      >
        <a
          href="/details/India"
        >
          <div>
            <h2>
              India
            </h2>
            <p
              class="active"
            >
              active covid cases: 
              <span>
                44457
              </span>
            </p>
          </div>
        </a>
      </li>
      <li
        class="list-wraper"
      >
        <a
          href="/details/Indonesia"
        >
          <div>
            <h2>
              Indonesia
            </h2>
            <p
              class="active"
            >
              active covid cases: 
              <span>
                399853
              </span>
            </p>
          </div>
        </a>
      </li>
      <li
        class="list-wraper"
      >
        <a
          href="/details/Iran"
        >
          <div>
            <h2>
              Iran
            </h2>
            <p
              class="active"
            >
              active covid cases: 
              <span>
                213127
              </span>
            </p>
          </div>
        </a>
      </li>
      <li
        class="list-wraper"
      >
        <a
          href="/details/Iraq"
        >
          <div>
            <h2>
              Iraq
            </h2>
            <p
              class="active"
            >
              active covid cases: 
              <span>
                24026
              </span>
            </p>
          </div>
        </a>
      </li>
      <li
        class="list-wraper"
      >
        <a
          href="/details/Ireland"
        >
          <div>
            <h2>
              Ireland
            </h2>
            <p
              class="active"
            >
              active covid cases: 
              <span>
                103782
              </span>
            </p>
          </div>
        </a>
      </li>
      <li
        class="list-wraper"
      >
        <a
          href="/details/Isle of Man"
        >
          <div>
            <h2>
              Isle of Man
            </h2>
            <p
              class="active"
            >
              active covid cases: 
              <span>
                944
              </span>
            </p>
          </div>
        </a>
      </li>
      <li
        class="list-wraper"
      >
        <a
          href="/details/Israel"
        >
          <div>
            <h2>
              Israel
            </h2>
            <p
              class="active"
            >
              active covid cases: 
              <span>
                46457
              </span>
            </p>
          </div>
        </a>
      </li>
      <li
        class="list-wraper"
      >
        <a
          href="/details/Italy"
        >
          <div>
            <h2>
              Italy
            </h2>
            <p
              class="active"
            >
              active covid cases: 
              <span>
                1001922
              </span>
            </p>
          </div>
        </a>
      </li>
      <li
        class="list-wraper"
      >
        <a
          href="/details/Jamaica"
        >
          <div>
            <h2>
              Jamaica
            </h2>
            <p
              class="active"
            >
              active covid cases: 
              <span>
                46415
              </span>
            </p>
          </div>
        </a>
      </li>
      <li
        class="list-wraper"
      >
        <a
          href="/details/Japan"
        >
          <div>
            <h2>
              Japan
            </h2>
            <p
              class="active"
            >
              active covid cases: 
              <span>
                609502
              </span>
            </p>
          </div>
        </a>
      </li>
      <li
        class="list-wraper"
      >
        <a
          href="/details/Jordan"
        >
          <div>
            <h2>
              Jordan
            </h2>
            <p
              class="active"
            >
              active covid cases: 
              <span>
                68409
              </span>
            </p>
          </div>
        </a>
      </li>
      <li
        class="list-wraper"
      >
        <a
          href="/details/Kazakhstan"
        >
          <div>
            <h2>
              Kazakhstan
            </h2>
            <p
              class="active"
            >
              active covid cases: 
              <span>
                12053
              </span>
            </p>
          </div>
        </a>
      </li>
      <li
        class="list-wraper"
      >
        <a
          href="/details/Kenya"
        >
          <div>
            <h2>
              Kenya
            </h2>
            <p
              class="active"
            >
              active covid cases: 
              <span>
                31
              </span>
            </p>
          </div>
        </a>
      </li>
      <li
        class="list-wraper"
      >
        <a
          href="/details/Kiribati"
        >
          <div>
            <h2>
              Kiribati
            </h2>
            <p
              class="active"
            >
              active covid cases: 
              <span>
                599
              </span>
            </p>
          </div>
        </a>
      </li>
      <li
        class="list-wraper"
      >
        <a
          href="/details/Kuwait"
        >
          <div>
            <h2>
              Kuwait
            </h2>
            <p
              class="active"
            >
              active covid cases: 
              <span>
                4978
              </span>
            </p>
          </div>
        </a>
      </li>
      <li
        class="list-wraper"
      >
        <a
          href="/details/Kyrgyzstan"
        >
          <div>
            <h2>
              Kyrgyzstan
            </h2>
            <p
              class="active"
            >
              active covid cases: 
              <span>
                1960
              </span>
            </p>
          </div>
        </a>
      </li>
      <li
        class="list-wraper"
      >
        <a
          href="/details/Lao People's Democratic Republic"
        >
          <div>
            <h2>
              Lao People's Democratic Republic
            </h2>
            <p
              class="active"
            >
              active covid cases: 
              <span>
                136797
              </span>
            </p>
          </div>
        </a>
      </li>
      <li
        class="list-wraper"
      >
        <a
          href="/details/Latvia"
        >
          <div>
            <h2>
              Latvia
            </h2>
            <p
              class="active"
            >
              active covid cases: 
              <span>
                113696
              </span>
            </p>
          </div>
        </a>
      </li>
      <li
        class="list-wraper"
      >
        <a
          href="/details/Lebanon"
        >
          <div>
            <h2>
              Lebanon
            </h2>
            <p
              class="active"
            >
              active covid cases: 
              <span>
                103338
              </span>
            </p>
          </div>
        </a>
      </li>
      <li
        class="list-wraper"
      >
        <a
          href="/details/Lesotho"
        >
          <div>
            <h2>
              Lesotho
            </h2>
            <p
              class="active"
            >
              active covid cases: 
              <span>
                8558
              </span>
            </p>
          </div>
        </a>
      </li>
      <li
        class="list-wraper"
      >
        <a
          href="/details/Liberia"
        >
          <div>
            <h2>
              Liberia
            </h2>
            <p
              class="active"
            >
              active covid cases: 
              <span>
                1346
              </span>
            </p>
          </div>
        </a>
      </li>
      <li
        class="list-wraper"
      >
        <a
          href="/details/Libyan Arab Jamahiriya"
        >
          <div>
            <h2>
              Libyan Arab Jamahiriya
            </h2>
            <p
              class="active"
            >
              active covid cases: 
              <span>
                12180
              </span>
            </p>
          </div>
        </a>
      </li>
      <li
        class="list-wraper"
      >
        <a
          href="/details/Liechtenstein"
        >
          <div>
            <h2>
              Liechtenstein
            </h2>
            <p
              class="active"
            >
              active covid cases: 
              <span>
                616
              </span>
            </p>
          </div>
        </a>
      </li>
      <li
        class="list-wraper"
      >
        <a
          href="/details/Lithuania"
        >
          <div>
            <h2>
              Lithuania
            </h2>
            <p
              class="active"
            >
              active covid cases: 
              <span>
                79469
              </span>
            </p>
          </div>
        </a>
      </li>
      <li
        class="list-wraper"
      >
        <a
          href="/details/Luxembourg"
        >
          <div>
            <h2>
              Luxembourg
            </h2>
            <p
              class="active"
            >
              active covid cases: 
              <span>
                10649
              </span>
            </p>
          </div>
        </a>
      </li>
      <li
        class="list-wraper"
      >
        <a
          href="/details/MS Zaandam"
        >
          <div>
            <h2>
              MS Zaandam
            </h2>
            <p
              class="active"
            >
              active covid cases: 
              <span>
                0
              </span>
            </p>
          </div>
        </a>
      </li>
      <li
        class="list-wraper"
      >
        <a
          href="/details/Macao"
        >
          <div>
            <h2>
              Macao
            </h2>
            <p
              class="active"
            >
              active covid cases: 
              <span>
                3
              </span>
            </p>
          </div>
        </a>
      </li>
      <li
        class="list-wraper"
      >
        <a
          href="/details/Macedonia"
        >
          <div>
            <h2>
              Macedonia
            </h2>
            <p
              class="active"
            >
              active covid cases: 
              <span>
                2230
              </span>
            </p>
          </div>
        </a>
      </li>
      <li
        class="list-wraper"
      >
        <a
          href="/details/Madagascar"
        >
          <div>
            <h2>
              Madagascar
            </h2>
            <p
              class="active"
            >
              active covid cases: 
              <span>
                3416
              </span>
            </p>
          </div>
        </a>
      </li>
      <li
        class="list-wraper"
      >
        <a
          href="/details/Malawi"
        >
          <div>
            <h2>
              Malawi
            </h2>
            <p
              class="active"
            >
              active covid cases: 
              <span>
                6412
              </span>
            </p>
          </div>
        </a>
      </li>
      <li
        class="list-wraper"
      >
        <a
          href="/details/Malaysia"
        >
          <div>
            <h2>
              Malaysia
            </h2>
            <p
              class="active"
            >
              active covid cases: 
              <span>
                310160
              </span>
            </p>
          </div>
        </a>
      </li>
      <li
        class="list-wraper"
      >
        <a
          href="/details/Maldives"
        >
          <div>
            <h2>
              Maldives
            </h2>
            <p
              class="active"
            >
              active covid cases: 
              <span>
                14289
              </span>
            </p>
          </div>
        </a>
      </li>
      <li
        class="list-wraper"
      >
        <a
          href="/details/Mali"
        >
          <div>
            <h2>
              Mali
            </h2>
            <p
              class="active"
            >
              active covid cases: 
              <span>
                117
              </span>
            </p>
          </div>
        </a>
      </li>
      <li
        class="list-wraper"
      >
        <a
          href="/details/Malta"
        >
          <div>
            <h2>
              Malta
            </h2>
            <p
              class="active"
            >
              active covid cases: 
              <span>
                1490
              </span>
            </p>
          </div>
        </a>
      </li>
      <li
        class="list-wraper"
      >
        <a
          href="/details/Marshall Islands"
        >
          <div>
            <h2>
              Marshall Islands
            </h2>
            <p
              class="active"
            >
              active covid cases: 
              <span>
                0
              </span>
            </p>
          </div>
        </a>
      </li>
      <li
        class="list-wraper"
      >
        <a
          href="/details/Martinique"
        >
          <div>
            <h2>
              Martinique
            </h2>
            <p
              class="active"
            >
              active covid cases: 
              <span>
                125217
              </span>
            </p>
          </div>
        </a>
      </li>
      <li
        class="list-wraper"
      >
        <a
          href="/details/Mauritania"
        >
          <div>
            <h2>
              Mauritania
            </h2>
            <p
              class="active"
            >
              active covid cases: 
              <span>
                31
              </span>
            </p>
          </div>
        </a>
      </li>
      <li
        class="list-wraper"
      >
        <a
          href="/details/Mauritius"
        >
          <div>
            <h2>
              Mauritius
            </h2>
            <p
              class="active"
            >
              active covid cases: 
              <span>
                2668
              </span>
            </p>
          </div>
        </a>
      </li>
      <li
        class="list-wraper"
      >
        <a
          href="/details/Mayotte"
        >
          <div>
            <h2>
              Mayotte
            </h2>
            <p
              class="active"
            >
              active covid cases: 
              <span>
                33552
              </span>
            </p>
          </div>
        </a>
      </li>
      <li
        class="list-wraper"
      >
        <a
          href="/details/Mexico"
        >
          <div>
            <h2>
              Mexico
            </h2>
            <p
              class="active"
            >
              active covid cases: 
              <span>
                399987
              </span>
            </p>
          </div>
        </a>
      </li>
      <li
        class="list-wraper"
      >
        <a
          href="/details/Micronesia"
        >
          <div>
            <h2>
              Micronesia
            </h2>
            <p
              class="active"
            >
              active covid cases: 
              <span>
                0
              </span>
            </p>
          </div>
        </a>
      </li>
      <li
        class="list-wraper"
      >
        <a
          href="/details/Moldova"
        >
          <div>
            <h2>
              Moldova
            </h2>
            <p
              class="active"
            >
              active covid cases: 
              <span>
                8806
              </span>
            </p>
          </div>
        </a>
      </li>
      <li
        class="list-wraper"
      >
        <a
          href="/details/Monaco"
        >
          <div>
            <h2>
              Monaco
            </h2>
            <p
              class="active"
            >
              active covid cases: 
              <span>
                184
              </span>
            </p>
          </div>
        </a>
      </li>
      <li
        class="list-wraper"
      >
        <a
          href="/details/Mongolia"
        >
          <div>
            <h2>
              Mongolia
            </h2>
            <p
              class="active"
            >
              active covid cases: 
              <span>
                150990
              </span>
            </p>
          </div>
        </a>
      </li>
      <li
        class="list-wraper"
      >
        <a
          href="/details/Montenegro"
        >
          <div>
            <h2>
              Montenegro
            </h2>
            <p
              class="active"
            >
              active covid cases: 
              <span>
                923
              </span>
            </p>
          </div>
        </a>
      </li>
      <li
        class="list-wraper"
      >
        <a
          href="/details/Montserrat"
        >
          <div>
            <h2>
              Montserrat
            </h2>
            <p
              class="active"
            >
              active covid cases: 
              <span>
                2
              </span>
            </p>
          </div>
        </a>
      </li>
      <li
        class="list-wraper"
      >
        <a
          href="/details/Morocco"
        >
          <div>
            <h2>
              Morocco
            </h2>
            <p
              class="active"
            >
              active covid cases: 
              <span>
                1482
              </span>
            </p>
          </div>
        </a>
      </li>
      <li
        class="list-wraper"
      >
        <a
          href="/details/Mozambique"
        >
          <div>
            <h2>
              Mozambique
            </h2>
            <p
              class="active"
            >
              active covid cases: 
              <span>
                1098
              </span>
            </p>
          </div>
        </a>
      </li>
      <li
        class="list-wraper"
      >
        <a
          href="/details/Myanmar"
        >
          <div>
            <h2>
              Myanmar
            </h2>
            <p
              class="active"
            >
              active covid cases: 
              <span>
                30307
              </span>
            </p>
          </div>
        </a>
      </li>
      <li
        class="list-wraper"
      >
        <a
          href="/details/Namibia"
        >
          <div>
            <h2>
              Namibia
            </h2>
            <p
              class="active"
            >
              active covid cases: 
              <span>
                283
              </span>
            </p>
          </div>
        </a>
      </li>
      <li
        class="list-wraper"
      >
        <a
          href="/details/Nepal"
        >
          <div>
            <h2>
              Nepal
            </h2>
            <p
              class="active"
            >
              active covid cases: 
              <span>
                5340
              </span>
            </p>
          </div>
        </a>
      </li>
      <li
        class="list-wraper"
      >
        <a
          href="/details/Netherlands"
        >
          <div>
            <h2>
              Netherlands
            </h2>
            <p
              class="active"
            >
              active covid cases: 
              <span>
                1636550
              </span>
            </p>
          </div>
        </a>
      </li>
      <li
        class="list-wraper"
      >
        <a
          href="/details/New Caledonia"
        >
          <div>
            <h2>
              New Caledonia
            </h2>
            <p
              class="active"
            >
              active covid cases: 
              <span>
                3884
              </span>
            </p>
          </div>
        </a>
      </li>
      <li
        class="list-wraper"
      >
        <a
          href="/details/New Zealand"
        >
          <div>
            <h2>
              New Zealand
            </h2>
            <p
              class="active"
            >
              active covid cases: 
              <span>
                202257
              </span>
            </p>
          </div>
        </a>
      </li>
      <li
        class="list-wraper"
      >
        <a
          href="/details/Nicaragua"
        >
          <div>
            <h2>
              Nicaragua
            </h2>
            <p
              class="active"
            >
              active covid cases: 
              <span>
                13756
              </span>
            </p>
          </div>
        </a>
      </li>
      <li
        class="list-wraper"
      >
        <a
          href="/details/Niger"
        >
          <div>
            <h2>
              Niger
            </h2>
            <p
              class="active"
            >
              active covid cases: 
              <span>
                13
              </span>
            </p>
          </div>
        </a>
      </li>
      <li
        class="list-wraper"
      >
        <a
          href="/details/Nigeria"
        >
          <div>
            <h2>
              Nigeria
            </h2>
            <p
              class="active"
            >
              active covid cases: 
              <span>
                2412
              </span>
            </p>
          </div>
        </a>
      </li>
      <li
        class="list-wraper"
      >
        <a
          href="/details/Niue"
        >
          <div>
            <h2>
              Niue
            </h2>
            <p
              class="active"
            >
              active covid cases: 
              <span>
                1
              </span>
            </p>
          </div>
        </a>
      </li>
      <li
        class="list-wraper"
      >
        <a
          href="/details/Norway"
        >
          <div>
            <h2>
              Norway
            </h2>
            <p
              class="active"
            >
              active covid cases: 
              <span>
                1243088
              </span>
            </p>
          </div>
        </a>
      </li>
      <li
        class="list-wraper"
      >
        <a
          href="/details/Oman"
        >
          <div>
            <h2>
              Oman
            </h2>
            <p
              class="active"
            >
              active covid cases: 
              <span>
                4277
              </span>
            </p>
          </div>
        </a>
      </li>
      <li
        class="list-wraper"
      >
        <a
          href="/details/Pakistan"
        >
          <div>
            <h2>
              Pakistan
            </h2>
            <p
              class="active"
            >
              active covid cases: 
              <span>
                18049
              </span>
            </p>
          </div>
        </a>
      </li>
      <li
        class="list-wraper"
      >
        <a
          href="/details/Palau"
        >
          <div>
            <h2>
              Palau
            </h2>
            <p
              class="active"
            >
              active covid cases: 
              <span>
                326
              </span>
            </p>
          </div>
        </a>
      </li>
      <li
        class="list-wraper"
      >
        <a
          href="/details/Palestine"
        >
          <div>
            <h2>
              Palestine
            </h2>
            <p
              class="active"
            >
              active covid cases: 
              <span>
                5496
              </span>
            </p>
          </div>
        </a>
      </li>
      <li
        class="list-wraper"
      >
        <a
          href="/details/Panama"
        >
          <div>
            <h2>
              Panama
            </h2>
            <p
              class="active"
            >
              active covid cases: 
              <span>
                3005
              </span>
            </p>
          </div>
        </a>
      </li>
      <li
        class="list-wraper"
      >
        <a
          href="/details/Papua New Guinea"
        >
          <div>
            <h2>
              Papua New Guinea
            </h2>
            <p
              class="active"
            >
              active covid cases: 
              <span>
                989
              </span>
            </p>
          </div>
        </a>
      </li>
      <li
        class="list-wraper"
      >
        <a
          href="/details/Paraguay"
        >
          <div>
            <h2>
              Paraguay
            </h2>
            <p
              class="active"
            >
              active covid cases: 
              <span>
                9082
              </span>
            </p>
          </div>
        </a>
      </li>
      <li
        class="list-wraper"
      >
        <a
          href="/details/Peru"
        >
          <div>
            <h2>
              Peru
            </h2>
            <p
              class="active"
            >
              active covid cases: 
              <span>
                3318703
              </span>
            </p>
          </div>
        </a>
      </li>
      <li
        class="list-wraper"
      >
        <a
          href="/details/Philippines"
        >
          <div>
            <h2>
              Philippines
            </h2>
            <p
              class="active"
            >
              active covid cases: 
              <span>
                47471
              </span>
            </p>
          </div>
        </a>
      </li>
      <li
        class="list-wraper"
      >
        <a
          href="/details/Poland"
        >
          <div>
            <h2>
              Poland
            </h2>
            <p
              class="active"
            >
              active covid cases: 
              <span>
                514219
              </span>
            </p>
          </div>
        </a>
      </li>
      <li
        class="list-wraper"
      >
        <a
          href="/details/Portugal"
        >
          <div>
            <h2>
              Portugal
            </h2>
            <p
              class="active"
            >
              active covid cases: 
              <span>
                478344
              </span>
            </p>
          </div>
        </a>
      </li>
      <li
        class="list-wraper"
      >
        <a
          href="/details/Qatar"
        >
          <div>
            <h2>
              Qatar
            </h2>
            <p
              class="active"
            >
              active covid cases: 
              <span>
                1572
              </span>
            </p>
          </div>
        </a>
      </li>
      <li
        class="list-wraper"
      >
        <a
          href="/details/Romania"
        >
          <div>
            <h2>
              Romania
            </h2>
            <p
              class="active"
            >
              active covid cases: 
              <span>
                113765
              </span>
            </p>
          </div>
        </a>
      </li>
      <li
        class="list-wraper"
      >
        <a
          href="/details/Russia"
        >
          <div>
            <h2>
              Russia
            </h2>
            <p
              class="active"
            >
              active covid cases: 
              <span>
                1788672
              </span>
            </p>
          </div>
        </a>
      </li>
      <li
        class="list-wraper"
      >
        <a
          href="/details/Rwanda"
        >
          <div>
            <h2>
              Rwanda
            </h2>
            <p
              class="active"
            >
              active covid cases: 
              <span>
                82589
              </span>
            </p>
          </div>
        </a>
      </li>
      <li
        class="list-wraper"
      >
        <a
          href="/details/Réunion"
        >
          <div>
            <h2>
              Réunion
            </h2>
            <p
              class="active"
            >
              active covid cases: 
              <span>
                11419
              </span>
            </p>
          </div>
        </a>
      </li>
      <li
        class="list-wraper"
      >
        <a
          href="/details/S. Korea"
        >
          <div>
            <h2>
              S. Korea
            </h2>
            <p
              class="active"
            >
              active covid cases: 
              <span>
                4560480
              </span>
            </p>
          </div>
        </a>
      </li>
      <li
        class="list-wraper"
      >
        <a
          href="/details/Saint Helena"
        >
          <div>
            <h2>
              Saint Helena
            </h2>
            <p
              class="active"
            >
              active covid cases: 
              <span>
                0
              </span>
            </p>
          </div>
        </a>
      </li>
      <li
        class="list-wraper"
      >
        <a
          href="/details/Saint Kitts and Nevis"
        >
          <div>
            <h2>
              Saint Kitts and Nevis
            </h2>
            <p
              class="active"
            >
              active covid cases: 
              <span>
                5
              </span>
            </p>
          </div>
        </a>
      </li>
      <li
        class="list-wraper"
      >
        <a
          href="/details/Saint Lucia"
        >
          <div>
            <h2>
              Saint Lucia
            </h2>
            <p
              class="active"
            >
              active covid cases: 
              <span>
                47
              </span>
            </p>
          </div>
        </a>
      </li>
      <li
        class="list-wraper"
      >
        <a
          href="/details/Saint Martin"
        >
          <div>
            <h2>
              Saint Martin
            </h2>
            <p
              class="active"
            >
              active covid cases: 
              <span>
                8450
              </span>
            </p>
          </div>
        </a>
      </li>
      <li
        class="list-wraper"
      >
        <a
          href="/details/Saint Pierre Miquelon"
        >
          <div>
            <h2>
              Saint Pierre Miquelon
            </h2>
            <p
              class="active"
            >
              active covid cases: 
              <span>
                133
              </span>
            </p>
          </div>
        </a>
      </li>
      <li
        class="list-wraper"
      >
        <a
          href="/details/Saint Vincent and the Grenadines"
        >
          <div>
            <h2>
              Saint Vincent and the Grenadines
            </h2>
            <p
              class="active"
            >
              active covid cases: 
              <span>
                2
              </span>
            </p>
          </div>
        </a>
      </li>
      <li
        class="list-wraper"
      >
        <a
          href="/details/Samoa"
        >
          <div>
            <h2>
              Samoa
            </h2>
            <p
              class="active"
            >
              active covid cases: 
              <span>
                13
              </span>
            </p>
          </div>
        </a>
      </li>
      <li
        class="list-wraper"
      >
        <a
          href="/details/San Marino"
        >
          <div>
            <h2>
              San Marino
            </h2>
            <p
              class="active"
            >
              active covid cases: 
              <span>
                213
              </span>
            </p>
          </div>
        </a>
      </li>
      <li
        class="list-wraper"
      >
        <a
          href="/details/Sao Tome and Principe"
        >
          <div>
            <h2>
              Sao Tome and Principe
            </h2>
            <p
              class="active"
            >
              active covid cases: 
              <span>
                0
              </span>
            </p>
          </div>
        </a>
      </li>
      <li
        class="list-wraper"
      >
        <a
          href="/details/Saudi Arabia"
        >
          <div>
            <h2>
              Saudi Arabia
            </h2>
            <p
              class="active"
            >
              active covid cases: 
              <span>
                9636
              </span>
            </p>
          </div>
        </a>
      </li>
      <li
        class="list-wraper"
      >
        <a
          href="/details/Senegal"
        >
          <div>
            <h2>
              Senegal
            </h2>
            <p
              class="active"
            >
              active covid cases: 
              <span>
                59
              </span>
            </p>
          </div>
        </a>
      </li>
      <li
        class="list-wraper"
      >
        <a
          href="/details/Serbia"
        >
          <div>
            <h2>
              Serbia
            </h2>
            <p
              class="active"
            >
              active covid cases: 
              <span>
                53553
              </span>
            </p>
          </div>
        </a>
      </li>
      <li
        class="list-wraper"
      >
        <a
          href="/details/Seychelles"
        >
          <div>
            <h2>
              Seychelles
            </h2>
            <p
              class="active"
            >
              active covid cases: 
              <span>
                230
              </span>
            </p>
          </div>
        </a>
      </li>
      <li
        class="list-wraper"
      >
        <a
          href="/details/Sierra Leone"
        >
          <div>
            <h2>
              Sierra Leone
            </h2>
            <p
              class="active"
            >
              active covid cases: 
              <span>
                7541
              </span>
            </p>
          </div>
        </a>
      </li>
      <li
        class="list-wraper"
      >
        <a
          href="/details/Singapore"
        >
          <div>
            <h2>
              Singapore
            </h2>
            <p
              class="active"
            >
              active covid cases: 
              <span>
                60022
              </span>
            </p>
          </div>
        </a>
      </li>
      <li
        class="list-wraper"
      >
        <a
          href="/details/Sint Maarten"
        >
          <div>
            <h2>
              Sint Maarten
            </h2>
            <p
              class="active"
            >
              active covid cases: 
              <span>
                51
              </span>
            </p>
          </div>
        </a>
      </li>
      <li
        class="list-wraper"
      >
        <a
          href="/details/Slovakia"
        >
          <div>
            <h2>
              Slovakia
            </h2>
            <p
              class="active"
            >
              active covid cases: 
              <span>
                137762
              </span>
            </p>
          </div>
        </a>
      </li>
      <li
        class="list-wraper"
      >
        <a
          href="/details/Slovenia"
        >
          <div>
            <h2>
              Slovenia
            </h2>
            <p
              class="active"
            >
              active covid cases: 
              <span>
                24711
              </span>
            </p>
          </div>
        </a>
      </li>
      <li
        class="list-wraper"
      >
        <a
          href="/details/Solomon Islands"
        >
          <div>
            <h2>
              Solomon Islands
            </h2>
            <p
              class="active"
            >
              active covid cases: 
              <span>
                6513
              </span>
            </p>
          </div>
        </a>
      </li>
      <li
        class="list-wraper"
      >
        <a
          href="/details/Somalia"
        >
          <div>
            <h2>
              Somalia
            </h2>
            <p
              class="active"
            >
              active covid cases: 
              <span>
                11870
              </span>
            </p>
          </div>
        </a>
      </li>
      <li
        class="list-wraper"
      >
        <a
          href="/details/South Africa"
        >
          <div>
            <h2>
              South Africa
            </h2>
            <p
              class="active"
            >
              active covid cases: 
              <span>
                19229
              </span>
            </p>
          </div>
        </a>
      </li>
      <li
        class="list-wraper"
      >
        <a
          href="/details/South Sudan"
        >
          <div>
            <h2>
              South Sudan
            </h2>
            <p
              class="active"
            >
              active covid cases: 
              <span>
                3395
              </span>
            </p>
          </div>
        </a>
      </li>
      <li
        class="list-wraper"
      >
        <a
          href="/details/Spain"
        >
          <div>
            <h2>
              Spain
            </h2>
            <p
              class="active"
            >
              active covid cases: 
              <span>
                866451
              </span>
            </p>
          </div>
        </a>
      </li>
      <li
        class="list-wraper"
      >
        <a
          href="/details/Sri Lanka"
        >
          <div>
            <h2>
              Sri Lanka
            </h2>
            <p
              class="active"
            >
              active covid cases: 
              <span>
                19472
              </span>
            </p>
          </div>
        </a>
      </li>
      <li
        class="list-wraper"
      >
        <a
          href="/details/St. Barth"
        >
          <div>
            <h2>
              St. Barth
            </h2>
            <p
              class="active"
            >
              active covid cases: 
              <span>
                3774
              </span>
            </p>
          </div>
        </a>
      </li>
      <li
        class="list-wraper"
      >
        <a
          href="/details/Sudan"
        >
          <div>
            <h2>
              Sudan
            </h2>
            <p
              class="active"
            >
              active covid cases: 
              <span>
                56778
              </span>
            </p>
          </div>
        </a>
      </li>
      <li
        class="list-wraper"
      >
        <a
          href="/details/Suriname"
        >
          <div>
            <h2>
              Suriname
            </h2>
            <p
              class="active"
            >
              active covid cases: 
              <span>
                27971
              </span>
            </p>
          </div>
        </a>
      </li>
      <li
        class="list-wraper"
      >
        <a
          href="/details/Swaziland"
        >
          <div>
            <h2>
              Swaziland
            </h2>
            <p
              class="active"
            >
              active covid cases: 
              <span>
                114
              </span>
            </p>
          </div>
        </a>
      </li>
      <li
        class="list-wraper"
      >
        <a
          href="/details/Sweden"
        >
          <div>
            <h2>
              Sweden
            </h2>
            <p
              class="active"
            >
              active covid cases: 
              <span>
                91063
              </span>
            </p>
          </div>
        </a>
      </li>
      <li
        class="list-wraper"
      >
        <a
          href="/details/Switzerland"
        >
          <div>
            <h2>
              Switzerland
            </h2>
            <p
              class="active"
            >
              active covid cases: 
              <span>
                566082
              </span>
            </p>
          </div>
        </a>
      </li>
      <li
        class="list-wraper"
      >
        <a
          href="/details/Syrian Arab Republic"
        >
          <div>
            <h2>
              Syrian Arab Republic
            </h2>
            <p
              class="active"
            >
              active covid cases: 
              <span>
                3287
              </span>
            </p>
          </div>
        </a>
      </li>
      <li
        class="list-wraper"
      >
        <a
          href="/details/Taiwan"
        >
          <div>
            <h2>
              Taiwan
            </h2>
            <p
              class="active"
            >
              active covid cases: 
              <span>
                1217
              </span>
            </p>
          </div>
        </a>
      </li>
      <li
        class="list-wraper"
      >
        <a
          href="/details/Tajikistan"
        >
          <div>
            <h2>
              Tajikistan
            </h2>
            <p
              class="active"
            >
              active covid cases: 
              <span>
                1
              </span>
            </p>
          </div>
        </a>
      </li>
      <li
        class="list-wraper"
      >
        <a
          href="/details/Tanzania"
        >
          <div>
            <h2>
              Tanzania
            </h2>
            <p
              class="active"
            >
              active covid cases: 
              <span>
                32926
              </span>
            </p>
          </div>
        </a>
      </li>
      <li
        class="list-wraper"
      >
        <a
          href="/details/Thailand"
        >
          <div>
            <h2>
              Thailand
            </h2>
            <p
              class="active"
            >
              active covid cases: 
              <span>
                220331
              </span>
            </p>
          </div>
        </a>
      </li>
      <li
        class="list-wraper"
      >
        <a
          href="/details/Timor-Leste"
        >
          <div>
            <h2>
              Timor-Leste
            </h2>
            <p
              class="active"
            >
              active covid cases: 
              <span>
                89
              </span>
            </p>
          </div>
        </a>
      </li>
      <li
        class="list-wraper"
      >
        <a
          href="/details/Togo"
        >
          <div>
            <h2>
              Togo
            </h2>
            <p
              class="active"
            >
              active covid cases: 
              <span>
                124
              </span>
            </p>
          </div>
        </a>
      </li>
      <li
        class="list-wraper"
      >
        <a
          href="/details/Tonga"
        >
          <div>
            <h2>
              Tonga
            </h2>
            <p
              class="active"
            >
              active covid cases: 
              <span>
                854
              </span>
            </p>
          </div>
        </a>
      </li>
      <li
        class="list-wraper"
      >
        <a
          href="/details/Trinidad and Tobago"
        >
          <div>
            <h2>
              Trinidad and Tobago
            </h2>
            <p
              class="active"
            >
              active covid cases: 
              <span>
                22912
              </span>
            </p>
          </div>
        </a>
      </li>
      <li
        class="list-wraper"
      >
        <a
          href="/details/Tunisia"
        >
          <div>
            <h2>
              Tunisia
            </h2>
            <p
              class="active"
            >
              active covid cases: 
              <span>
                13079
              </span>
            </p>
          </div>
        </a>
      </li>
      <li
        class="list-wraper"
      >
        <a
          href="/details/Turkey"
        >
          <div>
            <h2>
              Turkey
            </h2>
            <p
              class="active"
            >
              active covid cases: 
              <span>
                411680
              </span>
            </p>
          </div>
        </a>
      </li>
      <li
        class="list-wraper"
      >
        <a
          href="/details/Turks and Caicos Islands"
        >
          <div>
            <h2>
              Turks and Caicos Islands
            </h2>
            <p
              class="active"
            >
              active covid cases: 
              <span>
                44
              </span>
            </p>
          </div>
        </a>
      </li>
      <li
        class="list-wraper"
      >
        <a
          href="/details/UAE"
        >
          <div>
            <h2>
              UAE
            </h2>
            <p
              class="active"
            >
              active covid cases: 
              <span>
                35357
              </span>
            </p>
          </div>
        </a>
      </li>
      <li
        class="list-wraper"
      >
        <a
          href="/details/UK"
        >
          <div>
            <h2>
              UK
            </h2>
            <p
              class="active"
            >
              active covid cases: 
              <span>
                1073046
              </span>
            </p>
          </div>
        </a>
      </li>
      <li
        class="list-wraper"
      >
        <a
          href="/details/USA"
        >
          <div>
            <h2>
              USA
            </h2>
            <p
              class="active"
            >
              active covid cases: 
              <span>
                24644636
              </span>
            </p>
          </div>
        </a>
      </li>
      <li
        class="list-wraper"
      >
        <a
          href="/details/Uganda"
        >
          <div>
            <h2>
              Uganda
            </h2>
            <p
              class="active"
            >
              active covid cases: 
              <span>
                59741
              </span>
            </p>
          </div>
        </a>
      </li>
      <li
        class="list-wraper"
      >
        <a
          href="/details/Ukraine"
        >
          <div>
            <h2>
              Ukraine
            </h2>
            <p
              class="active"
            >
              active covid cases: 
              <span>
                4775577
              </span>
            </p>
          </div>
        </a>
      </li>
      <li
        class="list-wraper"
      >
        <a
          href="/details/Uruguay"
        >
          <div>
            <h2>
              Uruguay
            </h2>
            <p
              class="active"
            >
              active covid cases: 
              <span>
                12394
              </span>
            </p>
          </div>
        </a>
      </li>
      <li
        class="list-wraper"
      >
        <a
          href="/details/Uzbekistan"
        >
          <div>
            <h2>
              Uzbekistan
            </h2>
            <p
              class="active"
            >
              active covid cases: 
              <span>
                1062
              </span>
            </p>
          </div>
        </a>
      </li>
      <li
        class="list-wraper"
      >
        <a
          href="/details/Vanuatu"
        >
          <div>
            <h2>
              Vanuatu
            </h2>
            <p
              class="active"
            >
              active covid cases: 
              <span>
                82
              </span>
            </p>
          </div>
        </a>
      </li>
      <li
        class="list-wraper"
      >
        <a
          href="/details/Venezuela"
        >
          <div>
            <h2>
              Venezuela
            </h2>
            <p
              class="active"
            >
              active covid cases: 
              <span>
                3647
              </span>
            </p>
          </div>
        </a>
      </li>
      <li
        class="list-wraper"
      >
        <a
          href="/details/Vietnam"
        >
          <div>
            <h2>
              Vietnam
            </h2>
            <p
              class="active"
            >
              active covid cases: 
              <span>
                2145736
              </span>
            </p>
          </div>
        </a>
      </li>
      <li
        class="list-wraper"
      >
        <a
          href="/details/Wallis and Futuna"
        >
          <div>
            <h2>
              Wallis and Futuna
            </h2>
            <p
              class="active"
            >
              active covid cases: 
              <span>
                9
              </span>
            </p>
          </div>
        </a>
      </li>
      <li
        class="list-wraper"
      >
        <a
          href="/details/Western Sahara"
        >
          <div>
            <h2>
              Western Sahara
            </h2>
            <p
              class="active"
            >
              active covid cases: 
              <span>
                1
              </span>
            </p>
          </div>
        </a>
      </li>
      <li
        class="list-wraper"
      >
        <a
          href="/details/Yemen"
        >
          <div>
            <h2>
              Yemen
            </h2>
            <p
              class="active"
            >
              active covid cases: 
              <span>
                817
              </span>
            </p>
          </div>
        </a>
      </li>
      <li
        class="list-wraper"
      >
        <a
          href="/details/Zambia"
        >
          <div>
            <h2>
              Zambia
            </h2>
            <p
              class="active"
            >
              active covid cases: 
              <span>
                1833
              </span>
            </p>
          </div>
        </a>
      </li>
      <li
        class="list-wraper"
      >
        <a
          href="/details/Zimbabwe"
        >
          <div>
            <h2>
              Zimbabwe
            </h2>
            <p
              class="active"
            >
              active covid cases: 
              <span>
                5728
              </span>
            </p>
          </div>
        </a>
      </li>
    </ul>
  </div>
</div>
`;
